run photometry pipeline on 1 DECAM r frames
preparing c4d_141029_050239_ooi_r_ls9_chip41-N11.fits
creating diagnostic output

----- derive optimum photometry aperture

* extract sources from 1 images using aperture radius 4.00px
1418 sources extracted from frame c4d_141029_050239_ooi_r_ls9_chip41-N11.fits

----- run photometric calibration

(1365, 31) (sources, columns) read from c4d_141029_050239_ooi_r_ls9_chip41-N11.fits
query Vizier for SDSS-R9 at   8.565/+0.371 in a 0.16 deg radius 232 sources retrieved.
232 sources downloaded from SDSS-R9
SDSS-R9 r
229 sources with accurate magnitudes in r band
zeropoint for c4d_141029_050239_ooi_r_ls9_chip41-N11.ldac: 29.792+-0.110 (51/103 reference stars)
write calibrated data into database files

----- distill photometry results

#------ Identify Targets
# target positions as a function of time manually provided...  1.0 object(s) found
# pick control star...  done!
#-----------------------
2 potential target(s) per frame identified.
write photometry results for 2013_RN30
write photometry results for Control Star
extracting thumbnail images

Done!

