run photometry pipeline on 1 DECAM g frames
preparing c4d_161225_031457_ooi_g_ls9_chip22-S12.fits
creating diagnostic output

----- derive optimum photometry aperture

* extract sources from 1 images using aperture radius 4.00px
1248 sources extracted from frame c4d_161225_031457_ooi_g_ls9_chip22-S12.fits

----- run photometric calibration

(1146, 31) (sources, columns) read from c4d_161225_031457_ooi_g_ls9_chip22-S12.fits
query Vizier for SDSS-R9 at  44.957/+3.296 in a 0.16 deg radius 210 sources retrieved.
210 sources downloaded from SDSS-R9
SDSS-R9 g
210 sources with accurate magnitudes in g band
zeropoint for c4d_161225_031457_ooi_g_ls9_chip22-S12.ldac: 29.780+-0.034 (54/109 reference stars)
write calibrated data into database files

----- distill photometry results

#------ Identify Targets
# target positions as a function of time manually provided...  1.0 object(s) found
# pick control star...  done!
#-----------------------
2 potential target(s) per frame identified.
write photometry results for 2013_RN30
write photometry results for Control Star
extracting thumbnail images

Done!

