run photometry pipeline on 1 DECAM i frames
preparing c4d_161225_031300_ooi_i_ls10_chip60-N31.fits
creating diagnostic output

----- derive optimum photometry aperture

* extract sources from 1 images using aperture radius 4.00px
1619 sources extracted from frame c4d_161225_031300_ooi_i_ls10_chip60-N31.fits

----- run photometric calibration

(1544, 31) (sources, columns) read from c4d_161225_031300_ooi_i_ls10_chip60-N31.fits
query Vizier for SDSS-R9 at  44.994/+3.245 in a 0.16 deg radius 232 sources retrieved.
232 sources downloaded from SDSS-R9
SDSS-R9 i
232 sources with accurate magnitudes in i band
zeropoint for c4d_161225_031300_ooi_i_ls10_chip60-N31.ldac: 29.939+-0.042 (53/106 reference stars)
write calibrated data into database files

----- distill photometry results

#------ Identify Targets
# target positions as a function of time manually provided...  1.0 object(s) found
# pick control star...  done!
#-----------------------
2 potential target(s) per frame identified.
write photometry results for 2013_RN30
write photometry results for Control Star
extracting thumbnail images

Done!

